result code = -1
standard error = {
tests/diagnostics/hull-shader-invalid-domain.slang(39): error 50053: 'Domain' should be either 'triangles' or 'quads'.
}
standard output = {
}
